exports[`Test LineChart Component should render without crashing 1`] = `
ShallowWrapper {
  "length": 1,
  Symbol(enzyme.__root__): [Circular],
  Symbol(enzyme.__unrendered__): <LineChart
    height={300}
    margin={
        Object {
            "bottom": 30,
            "left": 50,
            "right": 20,
            "top": 20,
          }
    }
    width={760} />,
  Symbol(enzyme.__renderer__): Object {
    "batchedUpdates": [Function],
    "getNode": [Function],
    "render": [Function],
    "simulateEvent": [Function],
    "unmount": [Function],
  },
  Symbol(enzyme.__node__): Object {
    "instance": null,
    "key": undefined,
    "nodeType": "host",
    "props": Object {
      "children": "The Chart is Loading...",
      "className": "line-chart",
    },
    "ref": [Function],
    "rendered": "The Chart is Loading...",
    "type": "div",
  },
  Symbol(enzyme.__nodes__): Array [
    Object {
      "instance": null,
      "key": undefined,
      "nodeType": "host",
      "props": Object {
        "children": "The Chart is Loading...",
        "className": "line-chart",
      },
      "ref": [Function],
      "rendered": "The Chart is Loading...",
      "type": "div",
    },
  ],
  Symbol(enzyme.__options__): Object {
    "adapter": ReactFifteenAdapter {
      "options": Object {
        "supportPrevContextArgumentOfComponentDidUpdate": true,
      },
    },
  },
}
`;
